<title>Vdbench output/config.html</title><pre>
Output from script /home/femu/vdbench/linux/config.sh: 

stderr: /home/femu/vdbench/linux/config.sh: line 17: ifconfig: command not found
Fri Jan 12 03:28:15 PM UTC 2024
>>>>>uname -a
Linux femu 5.19.17 #1 SMP PREEMPT_DYNAMIC Tue Oct 24 09:37:20 UTC 2023 x86_64 x86_64 x86_64 GNU/Linux
Fri Jan 12 03:28:15 PM UTC 2024
>>>>>ifconfig -a
Fri Jan 12 03:28:15 PM UTC 2024
>>>>>id
uid=0(root) gid=0(root) groups=0(root)
Fri Jan 12 03:28:15 PM UTC 2024
>>>>>mount
sysfs on /sys type sysfs (rw,nosuid,nodev,noexec,relatime)
proc on /proc type proc (rw,nosuid,nodev,noexec,relatime)
udev on /dev type devtmpfs (rw,nosuid,relatime,size=25333876k,nr_inodes=6333469,mode=755,inode64)
devpts on /dev/pts type devpts (rw,nosuid,noexec,relatime,gid=5,mode=620,ptmxmode=000)
tmpfs on /run type tmpfs (rw,nosuid,nodev,noexec,relatime,size=5140832k,mode=755,inode64)
/dev/mapper/ubuntu--vg-ubuntu--lv on / type ext4 (rw,relatime)
securityfs on /sys/kernel/security type securityfs (rw,nosuid,nodev,noexec,relatime)
tmpfs on /dev/shm type tmpfs (rw,nosuid,nodev,inode64)
tmpfs on /run/lock type tmpfs (rw,nosuid,nodev,noexec,relatime,size=5120k,inode64)
cgroup2 on /sys/fs/cgroup type cgroup2 (rw,nosuid,nodev,noexec,relatime,nsdelegate,memory_recursiveprot)
pstore on /sys/fs/pstore type pstore (rw,nosuid,nodev,noexec,relatime)
bpf on /sys/fs/bpf type bpf (rw,nosuid,nodev,noexec,relatime,mode=700)
systemd-1 on /proc/sys/fs/binfmt_misc type autofs (rw,relatime,fd=29,pgrp=1,timeout=0,minproto=5,maxproto=5,direct,pipe_ino=218)
hugetlbfs on /dev/hugepages type hugetlbfs (rw,relatime,pagesize=2M)
mqueue on /dev/mqueue type mqueue (rw,nosuid,nodev,noexec,relatime)
debugfs on /sys/kernel/debug type debugfs (rw,nosuid,nodev,noexec,relatime)
tracefs on /sys/kernel/tracing type tracefs (rw,nosuid,nodev,noexec,relatime)
fusectl on /sys/fs/fuse/connections type fusectl (rw,nosuid,nodev,noexec,relatime)
configfs on /sys/kernel/config type configfs (rw,nosuid,nodev,noexec,relatime)
ramfs on /run/credentials/systemd-sysusers.service type ramfs (ro,nosuid,nodev,noexec,relatime,mode=700)
/var/lib/snapd/snaps/core20_1974.snap on /snap/core20/1974 type squashfs (ro,nodev,relatime,errors=continue,x-gdu.hide)
/var/lib/snapd/snaps/core20_2015.snap on /snap/core20/2015 type squashfs (ro,nodev,relatime,errors=continue,x-gdu.hide)
/var/lib/snapd/snaps/lxd_24322.snap on /snap/lxd/24322 type squashfs (ro,nodev,relatime,errors=continue,x-gdu.hide)
/var/lib/snapd/snaps/snapd_19457.snap on /snap/snapd/19457 type squashfs (ro,nodev,relatime,errors=continue,x-gdu.hide)
/var/lib/snapd/snaps/snapd_20290.snap on /snap/snapd/20290 type squashfs (ro,nodev,relatime,errors=continue,x-gdu.hide)
/dev/sda2 on /boot type ext4 (rw,relatime)
binfmt_misc on /proc/sys/fs/binfmt_misc type binfmt_misc (rw,nosuid,nodev,noexec,relatime)
tmpfs on /run/snapd/ns type tmpfs (rw,nosuid,nodev,noexec,relatime,size=5140832k,mode=755,inode64)
nsfs on /run/snapd/ns/lxd.mnt type nsfs (rw)
tmpfs on /run/user/1000 type tmpfs (rw,nosuid,nodev,relatime,size=5140828k,nr_inodes=1285207,mode=700,uid=1000,gid=1000,inode64)
Fri Jan 12 03:28:15 PM UTC 2024
>>>>>memory
MemTotal:       51408300 kB
MemFree:        50023424 kB
MemAvailable:   50006004 kB
Buffers:           31972 kB
Cached:           429408 kB
SwapCached:            0 kB
Active:           179160 kB
Inactive:         941132 kB
Active(anon):       1068 kB
Inactive(anon):   668376 kB
Active(file):     178092 kB
Inactive(file):   272756 kB
Unevictable:       27768 kB
Mlocked:           27768 kB
SwapTotal:       1958908 kB
SwapFree:        1958908 kB
Zswap:                 0 kB
Zswapped:              0 kB
Dirty:               336 kB
Writeback:             0 kB
AnonPages:        687500 kB
Mapped:           140720 kB
Shmem:              1064 kB
KReclaimable:      45884 kB
Slab:             103776 kB
SReclaimable:      45884 kB
SUnreclaim:        57892 kB
KernelStack:        8984 kB
PageTables:        13276 kB
NFS_Unstable:          0 kB
Bounce:                0 kB
WritebackTmp:          0 kB
CommitLimit:    27663056 kB
Committed_AS:    2629048 kB
VmallocTotal:   34359738367 kB
VmallocUsed:       27396 kB
VmallocChunk:          0 kB
Percpu:            10304 kB
HardwareCorrupted:     0 kB
AnonHugePages:         0 kB
ShmemHugePages:        0 kB
ShmemPmdMapped:        0 kB
FileHugePages:         0 kB
FilePmdMapped:         0 kB
HugePages_Total:       0
HugePages_Free:        0
HugePages_Rsvd:        0
HugePages_Surp:        0
Hugepagesize:       2048 kB
Hugetlb:               0 kB
DirectMap4k:      178004 kB
DirectMap2M:     6113280 kB
DirectMap1G:    48234496 kB
               total        used        free      shared  buff/cache   available
Mem:        51408300      878116    50022920        1064      507264    50005500
Low:        51408300     1385380    50022920
High:              0           0           0
Swap:        1958908           0     1958908
Fri Jan 12 03:28:15 PM UTC 2024
>>>>>ps -ef | grep -i vdb
root        2354    1594  1 15:28 pts/5    00:00:00 sudo ./vdbench -f mytest-test
root        2355    2354  0 15:28 pts/6    00:00:00 sudo ./vdbench -f mytest-test
root        2356    2355  0 15:28 pts/6    00:00:00 /bin/bash ./vdbench -f mytest-test
root        2358    2356 99 15:28 pts/6    00:00:01 java -client -Xmx512m -Xms64m -cp ./:./classes:./vdbench.jar Vdb.Vdbmain -f mytest-test
root        2396    2358  0 15:28 pts/6    00:00:00 /bin/bash /home/femu/vdbench/vdbench SlaveJvm -m localhost -n localhost-10-240112-15.28.14.314 -l localhost-0 -p 5570
root        2400    2396 78 15:28 pts/6    00:00:00 java -client -Xmx1024m -Xms128m -cp /home/femu/vdbench/:/home/femu/vdbench/classes:/home/femu/vdbench/vdbench.jar Vdb.SlaveJvm SlaveJvm -m localhost -n localhost-10-240112-15.28.14.314 -l localhost-0 -p 5570
root        2404    2358  0 15:28 pts/6    00:00:00 /bin/bash /home/femu/vdbench/vdbench SlaveJvm -m localhost -n localhost-11-240112-15.28.14.314 -l localhost-1 -p 5570
root        2421    2404  0 15:28 pts/6    00:00:00 java -client -Xmx1024m -Xms128m -cp /home/femu/vdbench/:/home/femu/vdbench/classes:/home/femu/vdbench/vdbench.jar Vdb.SlaveJvm SlaveJvm -m localhost -n localhost-11-240112-15.28.14.314 -l localhost-1 -p 5570
root        2424    2358  0 15:28 pts/6    00:00:00 /bin/bash /home/femu/vdbench/vdbench SlaveJvm -m localhost -n localhost-12-240112-15.28.14.314 -l localhost-2 -p 5570
root        2443    2424  0 15:28 pts/6    00:00:00 java -client -Xmx1024m -Xms128m -cp /home/femu/vdbench/:/home/femu/vdbench/classes:/home/femu/vdbench/vdbench.jar Vdb.SlaveJvm SlaveJvm -m localhost -n localhost-12-240112-15.28.14.314 -l localhost-2 -p 5570
root        2448    2358  0 15:28 pts/6    00:00:00 /bin/bash /home/femu/vdbench/vdbench SlaveJvm -m localhost -n localhost-13-240112-15.28.14.314 -l localhost-3 -p 5570
root        2467    2448  0 15:28 pts/6    00:00:00 java -client -Xmx1024m -Xms128m -cp /home/femu/vdbench/:/home/femu/vdbench/classes:/home/femu/vdbench/vdbench.jar Vdb.SlaveJvm SlaveJvm -m localhost -n localhost-13-240112-15.28.14.314 -l localhost-3 -p 5570
root        2569    2358  0 15:28 pts/6    00:00:00 /bin/bash /home/femu/vdbench/linux/config.sh -o /home/femu/vdbench/output localhost
root        2585    2569  0 15:28 pts/6    00:00:00 grep -i vdb

