<title>Vdbench output/config.html</title><pre>
Output from script /home/femu/vdbench/linux/config.sh: 

stderr: /home/femu/vdbench/linux/config.sh: line 17: ifconfig: command not found
Fri Jan 12 03:50:36 PM UTC 2024
>>>>>uname -a
Linux femu 5.19.17 #1 SMP PREEMPT_DYNAMIC Tue Oct 24 09:37:20 UTC 2023 x86_64 x86_64 x86_64 GNU/Linux
Fri Jan 12 03:50:37 PM UTC 2024
>>>>>ifconfig -a
Fri Jan 12 03:50:37 PM UTC 2024
>>>>>id
uid=0(root) gid=0(root) groups=0(root)
Fri Jan 12 03:50:37 PM UTC 2024
>>>>>mount
sysfs on /sys type sysfs (rw,nosuid,nodev,noexec,relatime)
proc on /proc type proc (rw,nosuid,nodev,noexec,relatime)
udev on /dev type devtmpfs (rw,nosuid,relatime,size=25333876k,nr_inodes=6333469,mode=755,inode64)
devpts on /dev/pts type devpts (rw,nosuid,noexec,relatime,gid=5,mode=620,ptmxmode=000)
tmpfs on /run type tmpfs (rw,nosuid,nodev,noexec,relatime,size=5140832k,mode=755,inode64)
/dev/mapper/ubuntu--vg-ubuntu--lv on / type ext4 (rw,relatime)
securityfs on /sys/kernel/security type securityfs (rw,nosuid,nodev,noexec,relatime)
tmpfs on /dev/shm type tmpfs (rw,nosuid,nodev,inode64)
tmpfs on /run/lock type tmpfs (rw,nosuid,nodev,noexec,relatime,size=5120k,inode64)
cgroup2 on /sys/fs/cgroup type cgroup2 (rw,nosuid,nodev,noexec,relatime,nsdelegate,memory_recursiveprot)
pstore on /sys/fs/pstore type pstore (rw,nosuid,nodev,noexec,relatime)
bpf on /sys/fs/bpf type bpf (rw,nosuid,nodev,noexec,relatime,mode=700)
systemd-1 on /proc/sys/fs/binfmt_misc type autofs (rw,relatime,fd=29,pgrp=1,timeout=0,minproto=5,maxproto=5,direct,pipe_ino=33347)
hugetlbfs on /dev/hugepages type hugetlbfs (rw,relatime,pagesize=2M)
mqueue on /dev/mqueue type mqueue (rw,nosuid,nodev,noexec,relatime)
debugfs on /sys/kernel/debug type debugfs (rw,nosuid,nodev,noexec,relatime)
tracefs on /sys/kernel/tracing type tracefs (rw,nosuid,nodev,noexec,relatime)
fusectl on /sys/fs/fuse/connections type fusectl (rw,nosuid,nodev,noexec,relatime)
configfs on /sys/kernel/config type configfs (rw,nosuid,nodev,noexec,relatime)
ramfs on /run/credentials/systemd-sysusers.service type ramfs (ro,nosuid,nodev,noexec,relatime,mode=700)
/var/lib/snapd/snaps/core20_1974.snap on /snap/core20/1974 type squashfs (ro,nodev,relatime,errors=continue,x-gdu.hide)
/var/lib/snapd/snaps/core20_2015.snap on /snap/core20/2015 type squashfs (ro,nodev,relatime,errors=continue,x-gdu.hide)
/var/lib/snapd/snaps/lxd_24322.snap on /snap/lxd/24322 type squashfs (ro,nodev,relatime,errors=continue,x-gdu.hide)
/var/lib/snapd/snaps/snapd_19457.snap on /snap/snapd/19457 type squashfs (ro,nodev,relatime,errors=continue,x-gdu.hide)
/var/lib/snapd/snaps/snapd_20290.snap on /snap/snapd/20290 type squashfs (ro,nodev,relatime,errors=continue,x-gdu.hide)
/dev/sda2 on /boot type ext4 (rw,relatime)
binfmt_misc on /proc/sys/fs/binfmt_misc type binfmt_misc (rw,nosuid,nodev,noexec,relatime)
tmpfs on /run/snapd/ns type tmpfs (rw,nosuid,nodev,noexec,relatime,size=5140832k,mode=755,inode64)
nsfs on /run/snapd/ns/lxd.mnt type nsfs (rw)
tmpfs on /run/user/1000 type tmpfs (rw,nosuid,nodev,relatime,size=5140828k,nr_inodes=1285207,mode=700,uid=1000,gid=1000,inode64)
Fri Jan 12 03:50:37 PM UTC 2024
>>>>>memory
MemTotal:       51408300 kB
MemFree:        49996812 kB
MemAvailable:   49979072 kB
Buffers:           30844 kB
Cached:           430252 kB
SwapCached:            0 kB
Active:           177920 kB
Inactive:         963696 kB
Active(anon):       1064 kB
Inactive(anon):   689992 kB
Active(file):     176856 kB
Inactive(file):   273704 kB
Unevictable:       27768 kB
Mlocked:           27768 kB
SwapTotal:       1958908 kB
SwapFree:        1958908 kB
Zswap:                 0 kB
Zswapped:              0 kB
Dirty:               468 kB
Writeback:            96 kB
AnonPages:        708684 kB
Mapped:           140956 kB
Shmem:              1068 kB
KReclaimable:      45824 kB
Slab:             104252 kB
SReclaimable:      45824 kB
SUnreclaim:        58428 kB
KernelStack:        9032 kB
PageTables:        12312 kB
NFS_Unstable:          0 kB
Bounce:                0 kB
WritebackTmp:          0 kB
CommitLimit:    27663056 kB
Committed_AS:    2606424 kB
VmallocTotal:   34359738367 kB
VmallocUsed:       27648 kB
VmallocChunk:          0 kB
Percpu:            10240 kB
HardwareCorrupted:     0 kB
AnonHugePages:         0 kB
ShmemHugePages:        0 kB
ShmemPmdMapped:        0 kB
FileHugePages:         0 kB
FilePmdMapped:         0 kB
HugePages_Total:       0
HugePages_Free:        0
HugePages_Rsvd:        0
HugePages_Surp:        0
Hugepagesize:       2048 kB
Hugetlb:               0 kB
DirectMap4k:      171860 kB
DirectMap2M:     6119424 kB
DirectMap1G:    48234496 kB
               total        used        free      shared  buff/cache   available
Mem:        51408300      904568    49996812        1068      506920    49979072
Low:        51408300     1411488    49996812
High:              0           0           0
Swap:        1958908           0     1958908
Fri Jan 12 03:50:37 PM UTC 2024
>>>>>ps -ef | grep -i vdb
root        2190    1478  1 15:50 pts/4    00:00:00 sudo ./vdbench -f mytest-test
root        2191    2190  0 15:50 pts/5    00:00:00 sudo ./vdbench -f mytest-test
root        2192    2191  0 15:50 pts/5    00:00:00 /bin/bash ./vdbench -f mytest-test
root        2194    2192 99 15:50 pts/5    00:00:01 java -client -Xmx512m -Xms64m -cp ./:./classes:./vdbench.jar Vdb.Vdbmain -f mytest-test
root        2232    2194  0 15:50 pts/5    00:00:00 /bin/bash /home/femu/vdbench/vdbench SlaveJvm -m localhost -n localhost-10-240112-15.50.36.116 -l localhost-0 -p 5570
root        2236    2232 77 15:50 pts/5    00:00:00 java -client -Xmx1024m -Xms128m -cp /home/femu/vdbench/:/home/femu/vdbench/classes:/home/femu/vdbench/vdbench.jar Vdb.SlaveJvm SlaveJvm -m localhost -n localhost-10-240112-15.50.36.116 -l localhost-0 -p 5570
root        2239    2194  0 15:50 pts/5    00:00:00 /bin/bash /home/femu/vdbench/vdbench SlaveJvm -m localhost -n localhost-11-240112-15.50.36.116 -l localhost-1 -p 5570
root        2257    2239 59 15:50 pts/5    00:00:00 java -client -Xmx1024m -Xms128m -cp /home/femu/vdbench/:/home/femu/vdbench/classes:/home/femu/vdbench/vdbench.jar Vdb.SlaveJvm SlaveJvm -m localhost -n localhost-11-240112-15.50.36.116 -l localhost-1 -p 5570
root        2267    2194  0 15:50 pts/5    00:00:00 /bin/bash /home/femu/vdbench/vdbench SlaveJvm -m localhost -n localhost-12-240112-15.50.36.116 -l localhost-2 -p 5570
root        2279    2267 59 15:50 pts/5    00:00:00 java -client -Xmx1024m -Xms128m -cp /home/femu/vdbench/:/home/femu/vdbench/classes:/home/femu/vdbench/vdbench.jar Vdb.SlaveJvm SlaveJvm -m localhost -n localhost-12-240112-15.50.36.116 -l localhost-2 -p 5570
root        2289    2194  0 15:50 pts/5    00:00:00 /bin/bash /home/femu/vdbench/vdbench SlaveJvm -m localhost -n localhost-13-240112-15.50.36.116 -l localhost-3 -p 5570
root        2303    2289 55 15:50 pts/5    00:00:00 java -client -Xmx1024m -Xms128m -cp /home/femu/vdbench/:/home/femu/vdbench/classes:/home/femu/vdbench/vdbench.jar Vdb.SlaveJvm SlaveJvm -m localhost -n localhost-13-240112-15.50.36.116 -l localhost-3 -p 5570
root        2414    2194  0 15:50 pts/5    00:00:00 /bin/bash /home/femu/vdbench/linux/config.sh -o /home/femu/vdbench/output localhost
root        2430    2414  0 15:50 pts/5    00:00:00 grep -i vdb

